// Jest Snapshot v1, https://goo.gl/fbAQLP

exports[`pruebas con NavBar debe mostrar el componente correctamente 1`] = `
<nav
  className="navbar navbar-expand-sm"
>
  <span
    className="navbar-brand"
  >
    <Link
      className="nav-link"
      to="/"
    >
      Use Context App
    </Link>
  </span>
  <div
    className="collapse navbar-collapse"
    id="navbarNav"
  >
    <ul
      className="navbar-nav"
    >
      <li
        className="nav-item"
        key="Home"
      >
        <NavLink
          activeclassname="active"
          className="nav-link"
          to="/"
        >
          Home
        </NavLink>
      </li>
      <li
        className="nav-item"
        key="Login"
      >
        <NavLink
          activeclassname="active"
          className="nav-link"
          to="/login"
        >
          Login
        </NavLink>
      </li>
      <li
        className="nav-item"
        key="About"
      >
        <NavLink
          activeclassname="active"
          className="nav-link"
          to="/about"
        >
          About
        </NavLink>
      </li>
    </ul>
  </div>
</nav>
`;
