// Jest Snapshot v1, https://goo.gl/fbAQLP

exports[`Pruebas con LoginScreen debe mostrarse correctamente 1`] = `
<div
  className="container-fluid mt-3"
>
  <div
    className="row"
  >
    <div
      className="col-xs-12"
    >
      <h1>
        Login
      </h1>
      <hr />
      <button
        className="btn btn-primary"
        onClick={[Function]}
      >
        Login
      </button>
    </div>
  </div>
</div>
`;
