// Jest Snapshot v1, https://goo.gl/fbAQLP

exports[`Pruebas con HookApp el componente debe mostrarse correctamente 1`] = `
<Col
  xs={12}
>
  <h1>
    Hola mundo!
  </h1>
</Col>
`;
