// Jest Snapshot v1, https://goo.gl/fbAQLP

exports[`pruebas con RealExampleRef Debe mostrar el componente correctamente 1`] = `
<Fragment>
  <h1>
    Real Example Ref
  </h1>
  <hr />
  <button
    className="btn btn-primary mt-4"
    onClick={[Function]}
  >
    Show/Hide
  </button>
</Fragment>
`;
