// Jest Snapshot v1, https://goo.gl/fbAQLP

exports[`pruebas con gifGrid El componente debe de mostrarse correctamente 1`] = `
<Fragment>
  <p
    className="animate__animated animate__flash"
  >
    Loading...
  </p>
</Fragment>
`;

exports[`pruebas con gifGrid debe de mostrar items cuando se cargan las im√°genes useFetch 1`] = `
<Fragment>
  <h3
    className="animate__animated animate__fadeIn"
  >
    Far Cry 6
  </h3>
  <Row>
    <Col
      key="0d1TtPiMfn8q68dhtU"
      md={3}
      xs={12}
    >
      <GifItem
        id="0d1TtPiMfn8q68dhtU"
        title="Danny Trejo Cooking Tacos"
        url="https://localhost/cualquiercosa"
      />
    </Col>
    <Col
      key="0d1TtPiMfn8q68dhts"
      md={3}
      xs={12}
    >
      <GifItem
        id="0d1TtPiMfn8q68dhts"
        title="Danny Trejo Cooking Tacos again"
        url="https://localhost/cualquiercosa"
      />
    </Col>
    <Button
      active={false}
      disabled={false}
      onClick={[Function]}
      variant="primary"
    >
      Load More
    </Button>
  </Row>
</Fragment>
`;
