// Jest Snapshot v1, https://goo.gl/fbAQLP

exports[`Pruebas en GifItem debe mostrar gifItem correctamente  1`] = `
<div
  className="animate__animated animate__fadeIn"
>
  <img
    alt="Far Cry 6"
    className="w-100"
    src="https://media2.giphy.com/media/GD4KjHydwWx5B4nI5d/giphy.gif?cid=2b0e052el89u4fas4gjcq1u5u972jk7n8qvv2nqyyq46q9ob&rid=giphy.gif&ct=g"
  />
  <h4>
    Far Cry 6
  </h4>
</div>
`;
